2023-11-01 08:18:45,106 注册成功！
2023-11-01 08:32:08,482 注册成功！
2023-11-01 08:36:34,108 注册成功！
2023-11-01 08:41:08,943 注册成功！
2023-11-01 09:14:19,163 注册成功！
2023-11-01 09:16:39,508 注册成功！
2023-11-01 09:22:57,144 注册成功！
2023-11-01 09:24:05,269 注册成功！
2023-11-01 09:30:11,075 注册成功！
